Resolving dependencies...
Downloading packages...
  code_assets 1.0.0 (1.2.1 available)
  fl_chart 0.69.2 (1.2.0 available)
  flutter_lints 4.0.0 (6.0.0 available)
  go_router 14.8.1 (17.3.0 available)
  google_fonts 6.3.3 (8.1.0 available)
  hooks 1.0.2 (2.0.2 available)
  intl 0.19.0 (0.20.2 available)
  lints 4.0.0 (6.1.0 available)
  lottie 3.3.2 (3.3.3 available)
  matcher 0.12.18 (0.12.20 available)
  meta 1.17.0 (1.18.3 available)
  native_toolchain_c 0.17.6 (0.19.1 available)
  objective_c 9.3.0 (9.4.1 available)
  package_config 2.2.0 (3.0.0 available)
  shared_preferences_android 2.4.23 (2.4.26 available)
  table_calendar 3.1.3 (3.2.0 available)
  test_api 0.7.9 (0.7.12 available)
  vector_math 2.2.0 (2.4.0 available)
  vm_service 15.0.2 (15.2.0 available)
Got dependencies!
19 packages have newer versions incompatible with dependency constraints.
Try `flutter pub outdated` for more information.
00:00 +0: loading /app/test/security_hardening_test.dart
00:00 +0: /app/test/security_hardening_test.dart: ClinicalNoteEditor has security hardening for input lengths
00:01 +1: loading /app/test/rbac_test.dart
00:02 +1: /app/test/rbac_test.dart: Doctor is redirected to /home when accessing /analytics
00:03 +2: /app/test/rbac_test.dart: Admin can access /analytics
00:04 +3: loading /app/test/widget_test.dart
00:07 +3: /app/test/widget_test.dart: MedFlow Staff smoke test
00:09 +4: loading /app/test/lab_ux_test.dart
00:10 +4: /app/test/lab_ux_test.dart: LabHomeScreen accessibility and micro-UX verification
00:11 +5: All tests passed!
